date and time ：
{
当前日期: 2020/05/01 周五
当前时间: 16:54:17.68
}

os version：
{
OS 名称:          Microsoft Windows 10 家庭中文版
OS 版本:          10.0.17763 暂缺 Build 17763
OS 制造商:        Microsoft Corporation
}

hardware information：
{
物理内存总量:     8,038 MB
可用的物理内存:   1,503 MB
虚拟内存: 最大值: 11,366 MB
虚拟内存: 可用:   3,107 MB
虚拟内存: 使用中: 8,259 MB
页面文件位置:     C:\pagefile.sys
域:               WORKGROUP
登录服务器:       \\LAPTOP-K0E8EUF9
修补程序:         安装了 16 个修补程序。
                  [01]: KB4537480
                  [02]: KB4465065
                  [03]: KB4470788
                  [04]: KB4486153
                  [05]: KB4486155
                  [06]: KB4504369
                  [07]: KB4509095
                  [08]: KB4512577
                  [09]: KB4512937
                  [10]: KB4516115
                  [11]: KB4521862
                  [12]: KB4523204
                  [13]: KB4537759
                  [14]: KB4539571
                  [15]: KB4549947
                  [16]: KB4549949
网卡:             安装了 7 个 NIC。
                  [01]: Intel(R) Dual Band Wireless-AC 3165
                      连接名:      WLAN
                      启用 DHCP:   是
                      DHCP 服务器: 192.168.101.1
                      IP 地址
                        [01]: 192.168.101.9
                        [02]: fe80::943e:fe2d:1773:8e5a
                  [02]: Bluetooth Device (Personal Area Network)
                      连接名:      蓝牙网络连接
                      状态:        媒体连接已中断
                  [03]: VirtualBox Host-Only Ethernet Adapter
                      连接名:      VirtualBox Host-Only Network
                      启用 DHCP:   否
                      IP 地址
                        [01]: 192.168.56.1
                        [02]: fe80::bc79:a32b:a4c3:e1d5
                  [04]: VMware Virtual Ethernet Adapter for VMnet1
                      连接名:      VMware Network Adapter VMnet1
                      启用 DHCP:   是
                      DHCP 服务器: 192.168.133.254
                      IP 地址
                        [01]: 192.168.133.1
                        [02]: fe80::45a9:acf0:a52f:a590
                  [05]: VMware Virtual Ethernet Adapter for VMnet8
                      连接名:      VMware Network Adapter VMnet8
                      启用 DHCP:   否
                      IP 地址
                        [01]: 192.168.137.1
                        [02]: fe80::b0bb:8fd9:78b3:1a21
                  [06]: VMware Virtual Ethernet Adapter for VMnet3
                      连接名:      VMware Network Adapter VMnet3
                      启用 DHCP:   否
                      IP 地址
                        [01]: 192.168.229.1
                        [02]: fe80::31a4:aee9:4498:fa85
                  [07]: Sangfor SSL VPN CS Support System VNIC
                      连接名:      以太网 2
                      状态:        媒体连接已中断
Hyper-V 要求:     虚拟机监视器模式扩展: 是
                  固件中已启用虚拟化: 是
                  二级地址转换: 是
                  数据执行保护可用: 是
硬盘：
DiskExt v1.2 - Disk extent dumper
Copyright (C) 2001-2016 Mark Russinovich
Sysinternals - www.sysinternals.com

Volume: \\?\Volume{e82e9b5e-8223-4f79-8008-e708eb130b4a}\
   Mounted at: C:\
   Extent [1]:
       Disk:   0
       Offset: 290455552
       Length: 510770806784
Volume: \\?\Volume{dcca9e5a-9c60-4d2d-b68a-0d49b5ede914}\
   Mounted at: <unmounted>
   Extent [1]:
       Disk:   0
       Offset: 511061262336
       Length: 1048576000
Volume: \\?\Volume{7fb14ca6-b72f-461d-b350-64a749996c0d}\
   Mounted at: <unmounted>
   Error getting extents
}

uptime：
{
系统启动时间:     2020/4/30, 20:52:23
}

services information：
{
Sysinternals Autoruns v13.90 - Autostart program viewer
Copyright (C) 2002-2018 Mark Russinovich
Sysinternals - www.sysinternals.com

HKLM\System\CurrentControlSet\Control\Terminal Server\Wds\rdpwd\StartupPrograms
   rdpclip
     rdpclip
     RDP ???????
     Microsoft Corporation
     10.0.17763.1131
     c:\windows\system32\rdpclip.exe
     1929/11/20 20:28

HKLM\SOFTWARE\Microsoft\Windows NT\CurrentVersion\Winlogon\Userinit
   c:\windows\system32\userinit.exe
     c:\windows\system32\userinit.exe
     Userinit ??????
     Microsoft Corporation
     10.0.17763.1
     c:\windows\system32\userinit.exe
     1958/12/31 19:49

HKLM\SOFTWARE\Microsoft\Windows NT\CurrentVersion\Winlogon\VmApplet
   SystemPropertiesPerformance.exe
     SystemPropertiesPerformance.exe
     ?????????
     Microsoft Corporation
     10.0.17763.1
     c:\windows\system32\systempropertiesperformance.exe
     1907/12/27 9:03
}

nic information：
{
Windows IP 配置

   主机名  . . . . . . . . . . . . . : LAPTOP-K0E8EUF9
   主 DNS 后缀 . . . . . . . . . . . :
   节点类型  . . . . . . . . . . . . : 混合
   IP 路由已启用 . . . . . . . . . . : 否
   WINS 代理已启用 . . . . . . . . . : 否
   DNS 后缀搜索列表  . . . . . . . . : youhuawifi

以太网适配器 VirtualBox Host-Only Network:

   连接特定的 DNS 后缀 . . . . . . . :
   描述. . . . . . . . . . . . . . . : VirtualBox Host-Only Ethernet Adapter
   物理地址. . . . . . . . . . . . . : 0A-00-27-00-00-06
   DHCP 已启用 . . . . . . . . . . . : 否
   自动配置已启用. . . . . . . . . . : 是
   本地链接 IPv6 地址. . . . . . . . : fe80::bc79:a32b:a4c3:e1d5%6(首选)
   IPv4 地址 . . . . . . . . . . . . : 192.168.56.1(首选)
   子网掩码  . . . . . . . . . . . . : 255.255.255.0
   默认网关. . . . . . . . . . . . . :
   DHCPv6 IAID . . . . . . . . . . . : 638189607
   DHCPv6 客户端 DUID  . . . . . . . : 00-01-00-01-24-0A-19-E2-00-80-8E-8A-98-FB
   DNS 服务器  . . . . . . . . . . . : fec0:0:0:ffff::1%1
                                       fec0:0:0:ffff::2%1
                                       fec0:0:0:ffff::3%1
   TCPIP 上的 NetBIOS  . . . . . . . : 已启用

无线局域网适配器 本地连接* 1:

   媒体状态  . . . . . . . . . . . . : 媒体已断开连接
   连接特定的 DNS 后缀 . . . . . . . :
   描述. . . . . . . . . . . . . . . : Microsoft Wi-Fi Direct Virtual Adapter
   物理地址. . . . . . . . . . . . . : 20-79-18-82-AD-E9
   DHCP 已启用 . . . . . . . . . . . : 是
   自动配置已启用. . . . . . . . . . : 是

无线局域网适配器 本地连接* 2:

   媒体状态  . . . . . . . . . . . . : 媒体已断开连接
   连接特定的 DNS 后缀 . . . . . . . :
   描述. . . . . . . . . . . . . . . : Microsoft Wi-Fi Direct Virtual Adapter #2
   物理地址. . . . . . . . . . . . . : 22-79-18-82-AD-E8
   DHCP 已启用 . . . . . . . . . . . : 是
   自动配置已启用. . . . . . . . . . : 是

以太网适配器 VMware Network Adapter VMnet1:

   连接特定的 DNS 后缀 . . . . . . . :
   描述. . . . . . . . . . . . . . . : VMware Virtual Ethernet Adapter for VMnet1
   物理地址. . . . . . . . . . . . . : 00-50-56-C0-00-01
   DHCP 已启用 . . . . . . . . . . . : 是
   自动配置已启用. . . . . . . . . . : 是
   本地链接 IPv6 地址. . . . . . . . : fe80::45a9:acf0:a52f:a590%17(首选)
   IPv4 地址 . . . . . . . . . . . . : 192.168.133.1(首选)
   子网掩码  . . . . . . . . . . . . : 255.255.255.0
   获得租约的时间  . . . . . . . . . : 2020年5月1日 16:21:41
   租约过期的时间  . . . . . . . . . : 2020年5月1日 17:21:40
   默认网关. . . . . . . . . . . . . :
   DHCP 服务器 . . . . . . . . . . . : 192.168.133.254
   DHCPv6 IAID . . . . . . . . . . . : 754995286
   DHCPv6 客户端 DUID  . . . . . . . : 00-01-00-01-24-0A-19-E2-00-80-8E-8A-98-FB
   DNS 服务器  . . . . . . . . . . . : fec0:0:0:ffff::1%1
                                       fec0:0:0:ffff::2%1
                                       fec0:0:0:ffff::3%1
   TCPIP 上的 NetBIOS  . . . . . . . : 已启用

以太网适配器 VMware Network Adapter VMnet8:

   连接特定的 DNS 后缀 . . . . . . . :
   描述. . . . . . . . . . . . . . . : VMware Virtual Ethernet Adapter for VMnet8
   物理地址. . . . . . . . . . . . . : 00-50-56-C0-00-08
   DHCP 已启用 . . . . . . . . . . . : 否
   自动配置已启用. . . . . . . . . . : 是
   本地链接 IPv6 地址. . . . . . . . : fe80::b0bb:8fd9:78b3:1a21%19(首选)
   IPv4 地址 . . . . . . . . . . . . : 192.168.137.1(首选)
   子网掩码  . . . . . . . . . . . . : 255.255.255.0
   默认网关. . . . . . . . . . . . . :
   DHCPv6 IAID . . . . . . . . . . . : 771772502
   DHCPv6 客户端 DUID  . . . . . . . : 00-01-00-01-24-0A-19-E2-00-80-8E-8A-98-FB
   DNS 服务器  . . . . . . . . . . . : fec0:0:0:ffff::1%1
                                       fec0:0:0:ffff::2%1
                                       fec0:0:0:ffff::3%1
   TCPIP 上的 NetBIOS  . . . . . . . : 已启用

以太网适配器 VMware Network Adapter VMnet3:

   连接特定的 DNS 后缀 . . . . . . . :
   描述. . . . . . . . . . . . . . . : VMware Virtual Ethernet Adapter for VMnet3
   物理地址. . . . . . . . . . . . . : 00-50-56-C0-00-03
   DHCP 已启用 . . . . . . . . . . . : 否
   自动配置已启用. . . . . . . . . . : 是
   本地链接 IPv6 地址. . . . . . . . : fe80::31a4:aee9:4498:fa85%18(首选)
   IPv4 地址 . . . . . . . . . . . . : 192.168.229.1(首选)
   子网掩码  . . . . . . . . . . . . : 255.255.255.0
   默认网关. . . . . . . . . . . . . :
   DHCPv6 IAID . . . . . . . . . . . : 788549718
   DHCPv6 客户端 DUID  . . . . . . . : 00-01-00-01-24-0A-19-E2-00-80-8E-8A-98-FB
   DNS 服务器  . . . . . . . . . . . : fec0:0:0:ffff::1%1
                                       fec0:0:0:ffff::2%1
                                       fec0:0:0:ffff::3%1
   TCPIP 上的 NetBIOS  . . . . . . . : 已启用

无线局域网适配器 WLAN:

   连接特定的 DNS 后缀 . . . . . . . : youhuawifi
   描述. . . . . . . . . . . . . . . : Intel(R) Dual Band Wireless-AC 3165
   物理地址. . . . . . . . . . . . . : 20-79-18-82-AD-E8
   DHCP 已启用 . . . . . . . . . . . : 是
   自动配置已启用. . . . . . . . . . : 是
   本地链接 IPv6 地址. . . . . . . . : fe80::943e:fe2d:1773:8e5a%11(首选)
   IPv4 地址 . . . . . . . . . . . . : 192.168.101.9(首选)
   子网掩码  . . . . . . . . . . . . : 255.255.255.0
   获得租约的时间  . . . . . . . . . : 2020年5月1日 14:19:17
   租约过期的时间  . . . . . . . . . : 2020年5月2日 0:21:42
   默认网关. . . . . . . . . . . . . : 192.168.101.1
   DHCP 服务器 . . . . . . . . . . . : 192.168.101.1
   DHCPv6 IAID . . . . . . . . . . . : 102791448
   DHCPv6 客户端 DUID  . . . . . . . : 00-01-00-01-24-0A-19-E2-00-80-8E-8A-98-FB
   DNS 服务器  . . . . . . . . . . . : 2001:da8:1002::11
                                       192.168.101.1
   TCPIP 上的 NetBIOS  . . . . . . . : 已启用

以太网适配器 以太网 2:

   媒体状态  . . . . . . . . . . . . : 媒体已断开连接
   连接特定的 DNS 后缀 . . . . . . . :
   描述. . . . . . . . . . . . . . . : Sangfor SSL VPN CS Support System VNIC
   物理地址. . . . . . . . . . . . . : 00-FF-1E-C7-D9-74
   DHCP 已启用 . . . . . . . . . . . : 否
   自动配置已启用. . . . . . . . . . : 是

以太网适配器 蓝牙网络连接:

   媒体状态  . . . . . . . . . . . . : 媒体已断开连接
   连接特定的 DNS 后缀 . . . . . . . :
   描述. . . . . . . . . . . . . . . : Bluetooth Device (Personal Area Network)
   物理地址. . . . . . . . . . . . . : 20-79-18-82-AD-EC
   DHCP 已启用 . . . . . . . . . . . : 是
   自动配置已启用. . . . . . . . . . : 是
}

route information：
{
===========================================================================
接口列表
  6...0a 00 27 00 00 06 ......VirtualBox Host-Only Ethernet Adapter
 12...20 79 18 82 ad e9 ......Microsoft Wi-Fi Direct Virtual Adapter
 23...22 79 18 82 ad e8 ......Microsoft Wi-Fi Direct Virtual Adapter #2
 17...00 50 56 c0 00 01 ......VMware Virtual Ethernet Adapter for VMnet1
 19...00 50 56 c0 00 08 ......VMware Virtual Ethernet Adapter for VMnet8
 18...00 50 56 c0 00 03 ......VMware Virtual Ethernet Adapter for VMnet3
 11...20 79 18 82 ad e8 ......Intel(R) Dual Band Wireless-AC 3165
  3...00 ff 1e c7 d9 74 ......Sangfor SSL VPN CS Support System VNIC
  9...20 79 18 82 ad ec ......Bluetooth Device (Personal Area Network)
  1...........................Software Loopback Interface 1
===========================================================================

IPv4 路由表
===========================================================================
活动路由:
网络目标        网络掩码          网关       接口   跃点数
          0.0.0.0          0.0.0.0    192.168.101.1    192.168.101.9     40
        127.0.0.0        255.0.0.0            在链路上         127.0.0.1    331
        127.0.0.1  255.255.255.255            在链路上         127.0.0.1    331
  127.255.255.255  255.255.255.255            在链路上         127.0.0.1    331
     192.168.56.0    255.255.255.0            在链路上      192.168.56.1    281
     192.168.56.1  255.255.255.255            在链路上      192.168.56.1    281
   192.168.56.255  255.255.255.255            在链路上      192.168.56.1    281
    192.168.101.0    255.255.255.0            在链路上     192.168.101.9    296
    192.168.101.9  255.255.255.255            在链路上     192.168.101.9    296
  192.168.101.255  255.255.255.255            在链路上     192.168.101.9    296
    192.168.133.0    255.255.255.0            在链路上     192.168.133.1    291
    192.168.133.1  255.255.255.255            在链路上     192.168.133.1    291
  192.168.133.255  255.255.255.255            在链路上     192.168.133.1    291
    192.168.137.0    255.255.255.0            在链路上     192.168.137.1    291
    192.168.137.1  255.255.255.255            在链路上     192.168.137.1    291
  192.168.137.255  255.255.255.255            在链路上     192.168.137.1    291
    192.168.229.0    255.255.255.0            在链路上     192.168.229.1    291
    192.168.229.1  255.255.255.255            在链路上     192.168.229.1    291
  192.168.229.255  255.255.255.255            在链路上     192.168.229.1    291
        224.0.0.0        240.0.0.0            在链路上         127.0.0.1    331
        224.0.0.0        240.0.0.0            在链路上      192.168.56.1    281
        224.0.0.0        240.0.0.0            在链路上     192.168.101.9    296
        224.0.0.0        240.0.0.0            在链路上     192.168.229.1    291
        224.0.0.0        240.0.0.0            在链路上     192.168.133.1    291
        224.0.0.0        240.0.0.0            在链路上     192.168.137.1    291
  255.255.255.255  255.255.255.255            在链路上         127.0.0.1    331
  255.255.255.255  255.255.255.255            在链路上      192.168.56.1    281
  255.255.255.255  255.255.255.255            在链路上     192.168.101.9    296
  255.255.255.255  255.255.255.255            在链路上     192.168.229.1    291
  255.255.255.255  255.255.255.255            在链路上     192.168.133.1    291
  255.255.255.255  255.255.255.255            在链路上     192.168.137.1    291
===========================================================================
永久路由:
  无

IPv6 路由表
===========================================================================
活动路由:
 接口跃点数网络目标                网关
  1    331 ::1/128                  在链路上
  6    281 fe80::/64                在链路上
 11    296 fe80::/64                在链路上
 18    291 fe80::/64                在链路上
 17    291 fe80::/64                在链路上
 19    291 fe80::/64                在链路上
 18    291 fe80::31a4:aee9:4498:fa85/128
                                    在链路上
 17    291 fe80::45a9:acf0:a52f:a590/128
                                    在链路上
 11    296 fe80::943e:fe2d:1773:8e5a/128
                                    在链路上
 19    291 fe80::b0bb:8fd9:78b3:1a21/128
                                    在链路上
  6    281 fe80::bc79:a32b:a4c3:e1d5/128
                                    在链路上
  1    331 ff00::/8                 在链路上
  6    281 ff00::/8                 在链路上
 11    296 ff00::/8                 在链路上
 18    291 ff00::/8                 在链路上
 17    291 ff00::/8                 在链路上
 19    291 ff00::/8                 在链路上
===========================================================================
永久路由:
  无
}

arp information：
{
接口: 192.168.56.1 --- 0x6
  Internet 地址         物理地址              类型
  192.168.56.255        ff-ff-ff-ff-ff-ff     静态
  224.0.0.2             01-00-5e-00-00-02     静态
  224.0.0.22            01-00-5e-00-00-16     静态
  224.0.0.251           01-00-5e-00-00-fb     静态
  224.0.0.252           01-00-5e-00-00-fc     静态
  239.255.255.250       01-00-5e-7f-ff-fa     静态

接口: 192.168.101.9 --- 0xb
  Internet 地址         物理地址              类型
  192.168.101.1         90-12-34-6b-98-b2     动态
  192.168.101.3         60-3a-7c-6a-a6-31     动态
  192.168.101.4         60-3a-7c-6a-6a-37     动态
  192.168.101.255       ff-ff-ff-ff-ff-ff     静态
  224.0.0.2             01-00-5e-00-00-02     静态
  224.0.0.22            01-00-5e-00-00-16     静态
  224.0.0.251           01-00-5e-00-00-fb     静态
  224.0.0.252           01-00-5e-00-00-fc     静态
  239.255.255.250       01-00-5e-7f-ff-fa     静态
  255.255.255.255       ff-ff-ff-ff-ff-ff     静态

接口: 192.168.133.1 --- 0x11
  Internet 地址         物理地址              类型
  192.168.133.254       00-50-56-ea-cc-5f     动态
  192.168.133.255       ff-ff-ff-ff-ff-ff     静态
  224.0.0.2             01-00-5e-00-00-02     静态
  224.0.0.22            01-00-5e-00-00-16     静态
  224.0.0.251           01-00-5e-00-00-fb     静态
  224.0.0.252           01-00-5e-00-00-fc     静态
  239.255.255.250       01-00-5e-7f-ff-fa     静态
  255.255.255.255       ff-ff-ff-ff-ff-ff     静态

接口: 192.168.229.1 --- 0x12
  Internet 地址         物理地址              类型
  192.168.229.255       ff-ff-ff-ff-ff-ff     静态
  224.0.0.2             01-00-5e-00-00-02     静态
  224.0.0.22            01-00-5e-00-00-16     静态
  224.0.0.251           01-00-5e-00-00-fb     静态
  224.0.0.252           01-00-5e-00-00-fc     静态
  239.255.255.250       01-00-5e-7f-ff-fa     静态

接口: 192.168.137.1 --- 0x13
  Internet 地址         物理地址              类型
  192.168.137.255       ff-ff-ff-ff-ff-ff     静态
  224.0.0.2             01-00-5e-00-00-02     静态
  224.0.0.22            01-00-5e-00-00-16     静态
  224.0.0.251           01-00-5e-00-00-fb     静态
  224.0.0.252           01-00-5e-00-00-fc     静态
  239.255.255.250       01-00-5e-7f-ff-fa     静态
}

information of processes：
{
PsList v1.4 - Process information lister
Copyright (C) 2000-2016 Mark Russinovich
Sysinternals - www.sysinternals.com

Process information for LAPTOP-K0E8EUF9:

Name                Pid Pri Thd  Hnd   Priv        CPU Time    Elapsed Time
Idle                  0   0   8    0     56    29:36:12.984    20:09:30.107
System                4   8 246 5949    192     0:07:27.609    20:09:30.107
Registry            120   8   4    0   2600     0:00:02.078    20:09:33.976
smss                492  11   2   53    488     0:00:00.359    20:09:30.100
csrss               832  13  13  946   2028     0:00:04.750    20:09:27.080
wininit             920  13   1  168   1432     0:00:00.140    20:09:26.747
csrss               928  13  16  873   2760     0:00:59.671    20:09:26.741
services            992   9   7  879   6032     0:00:21.296    20:09:26.553
lsass              1012   9   8 1967   8424     0:00:22.703    20:09:26.494
svchost             756   8   1   85    928     0:00:00.015    20:09:26.270
svchost             800   8  25 1298  14548     0:00:48.062    20:09:26.256
fontdrvhost         836   8   5   48   2136     0:00:00.031    20:09:26.250
WUDFHost            764   8   8  285   3064     0:00:04.062    20:09:26.189
svchost            1084   8  10 1597   9640     0:00:37.031    20:09:26.151
svchost            1128   8   5  368   3044     0:00:04.906    20:09:26.123
WUDFHost           1188  13  10  337   7360     0:00:03.296    20:09:25.968
WUDFHost           1252   8   5  212   1480     0:00:00.031    20:09:25.784
winlogon           1336  13   3  282   2732     0:00:00.953    20:09:25.647
fontdrvhost        1400   8   5   48   5776     0:00:04.578    20:09:25.595
svchost            1492   8   8  272   2632     0:00:03.343    20:09:25.486
svchost            1524   8   6  252   2536     0:00:00.171    20:09:25.482
svchost            1532   8   2  184   1872     0:00:00.093    20:09:25.482
svchost            1556   8   4  254   2812     0:00:00.765    20:09:25.462
dwm                1696  13  14 1238 215392     0:07:16.656    20:09:25.387
svchost            1760   8   2  233   1964     0:00:00.093    20:09:25.352
svchost            1816   8   4  177   1960     0:00:00.140    20:09:25.344
svchost            1860   8   1  141   1596     0:00:00.078    20:09:25.332
svchost            1904   8   2  153   2000     0:00:00.250    20:09:25.321
svchost            1388   8   3  237   2408     0:00:00.656    20:09:25.275
svchost            1880   8  11  473  16636     0:00:06.187    20:09:25.269
svchost            2136   8   9  409   6480     0:00:09.609    20:09:25.230
igfxCUIService     2148   8   2  172   2000     0:00:00.046    20:09:25.228
svchost            2168   8   2  242   2756     0:00:00.406    20:09:25.217
svchost            2260   8   7  196   8788     0:00:09.296    20:09:25.160
svchost            2304   8   2  178   1828     0:00:00.046    20:09:25.141
svchost            2340   8   8  325   2948     0:00:03.140    20:09:25.125
svchost            2368   8   9  268   3044     0:00:35.000    20:09:25.113
svchost            2380   8   1  153   1624     0:00:00.500    20:09:25.107
svchost            2472   8   3  173   2504     0:00:06.500    20:09:25.070
svchost            2580   8   4  204   1784     0:00:00.078    20:09:25.009
svchost            2684   8   8  397   5872     0:00:12.500    20:09:24.970
svchost            2724   8   3  270   3992     0:00:00.796    20:09:24.951
svchost            2776   8   5  190   2128     0:00:00.875    20:09:24.834
svchost            2820   8   5  187   6152     0:00:36.015    20:09:24.792
svchost            2884   8  10  409   3188     0:00:11.406    20:09:24.709
svchost            2928   8   2  203   1672     0:00:00.406    20:09:24.627
svchost            3004   8   5  252   2516     0:00:00.062    20:09:24.604
svchost            2988   8  11  240   3864     0:10:39.687    20:09:24.366
svchost            3152   8   5  219   2452     0:00:08.750    20:09:24.240
svchost            3248   8   5  211   2632     0:00:36.703    20:09:24.026
svchost            3256   8   3  278   1372     0:00:00.312    20:09:24.026
svchost            3308   8   3  211   2004     0:00:01.000    20:09:23.990
svchost            3316   8   8  192   2140     0:00:00.859    20:09:23.989
Memory Compression  3356   8 114    0   1140     0:01:17.187    20:09:23.959
svchost            3476   8   9  415   3680     0:00:06.343    20:09:23.507
svchost            3652   8  10  468   3724     0:00:01.968    20:09:23.130
svchost            3660   8   5  144   1936     0:00:00.375    20:09:23.130
svchost            3936   8  11  463   6000     0:00:06.531    20:09:22.993
svchost            4024   8   3  255   2992     0:00:00.515    20:09:22.676
wlanext            4032   8   1   74   1004     0:00:00.031    20:09:22.673
conhost            4068   8   2  119   6448     0:00:00.031    20:09:22.660
spoolsv            4120   8   7  473   5876     0:00:00.328    20:09:22.587
svchost            4224   8  13  421  13580     0:00:18.015    20:09:22.511
svchost            4644   8  11  546  17732     0:00:10.296    20:09:22.098
svchost            4656   8   8  274   4236     0:00:03.093    20:09:22.092
svchost            4664   8  11  359  14628     0:00:21.812    20:09:22.090
svchost            4680   8  16  384  23144     0:00:29.765    20:09:22.083
svchost            4688   8   3  127   1324     0:00:00.015    20:09:22.083
svchost            4772   8   6  343   6576     0:00:03.687    20:09:22.039
svchost            4780   8   1  134   1644     0:00:00.031    20:09:22.039
svchost            4788   8  20  507   9016     0:00:05.296    20:09:22.039
svchost            4796   8   4  176   2000     0:00:00.750    20:09:22.038
QQProtect          4816   8  21  456  22160     0:00:04.656    20:09:22.036
SangforPromoteService  4832   8  12  359   6860     0:00:35.593    20:09:22.035
UpdateService      4856   8   3  169   1796     0:00:02.937    20:09:22.034
LNBITSSvc          4864   8   1  140   1596     0:00:00.015    20:09:22.034
LenovoPcManagerService  4884   8  19  516   9312     0:00:11.250    20:09:22.032
360MobileDevice    4892   8   4  197   1800     0:00:00.421    20:09:22.032
LenovoDRS          4900   8  17  496   7840     0:00:03.359    20:09:22.028
QiyiService        4908   8   8  285   5340     0:00:01.656    20:09:22.028
PEFService         4916   8   3  164   1692     0:00:00.062    20:09:22.027
RtkAudUService64   4928   8   8  293   2288     0:00:00.468    20:09:22.022
DAX3API            4936   8   7  339  24096     0:00:00.937    20:09:22.021
vmnetdhcp          4944   8   2   88  10752     0:00:00.171    20:09:22.021
SLBService         4952   8  27  696  13420     0:00:07.531    20:09:22.020
vmnat              4960   8   4  200   5024     0:00:16.437    20:09:22.019
mfemms             4972   8  27  366   6680     0:00:25.890    20:09:22.019
WmiApSrv           4984   8   2  140   1672     0:00:00.046    20:09:22.018
IntelCpHDCPSvc     4992   8   3  149   1680     0:00:00.109    20:09:22.016
esif_uf            5000  13   3  115   1640     0:00:00.031    20:09:22.012
ModuleCoreService  5008   8  58  967  34352     0:00:16.843    20:09:22.011
sqlwriter          5016   8   2  135   2120     0:00:00.062    20:09:22.009
svchost            5036   8   7  401   4892     0:00:01.234    20:09:22.007
FMService64        5044   8   3  169   1508     0:00:00.359    20:09:22.006
FlashHelperService  5052   8  43 1141  13236     0:00:02.859    20:09:22.005
wsctrl             5164   8   3  191   1736     0:00:00.093    20:09:21.963
vmware-authd       5460   8   6  339  10424     0:01:24.015    20:09:21.878
svchost            5476   8  15  513  11464     0:00:21.359    20:09:21.871
vmware-usbarbitrator64  5488   8   3  218   2768     0:00:00.250    20:09:21.861
svchost            5548   8   4  206   2380     0:00:00.250    20:09:21.850
IntelCpHeciSvc     5856   8   3  132   1488     0:00:00.031    20:09:21.710
svchost            4840   8   6  137   1700     0:00:00.046    20:09:21.431
svchost            6272   8  14  394   3608     0:00:01.593    20:09:21.210
sqlceip            6436   6  11  532  36136     0:00:05.046    20:09:21.080
Locator            7064   8   2   43    660     0:00:00.000    20:09:20.718
MMSSHOST           7072   8  74  938  18740     0:00:11.515    20:09:20.711
svchost            7128   8   2  174   1812     0:00:00.468    20:09:20.641
mfevtps            6612   8  10  364   8544     0:00:18.296    20:09:20.509
ProtectedModuleHost  7240   8  18  404   6024     0:00:01.562    20:09:20.381
WmiPrvSE           7336   8  10  463  10320     0:00:59.750    20:09:20.287
vmware-hostd       7756   8  23  478  32056     0:00:03.953    20:09:19.539
DAX3API            7940   8   4  188   2004     0:00:00.078    20:09:18.350
conhost            5536   8   2  122   6532     0:00:00.015    20:09:18.344
MfeAVSvc           8304   8  57  831  40480     0:04:04.968    20:09:17.720
mcapexe            8552   8   8  190   2876     0:00:01.265    20:09:17.486
mcshield           9048   8  29  593  48172     0:00:19.750    20:09:17.120
McCSPServiceHost   8864   8  20  441   7580     0:00:06.531    20:09:15.447
sihost             8988   8  10  795   8040     0:00:23.531    20:09:10.316
svchost            2364   8  13  463  11284     0:00:18.015    20:09:10.291
igfxEM             9152   8  10  738   7424     0:00:05.531    20:09:10.237
svchost            1876   8   9  535   8416     0:00:03.390    20:09:10.237
taskhostw          9280   8   8  369  11484     0:00:05.531    20:09:10.179
PopBlock           9304   6   4  221  14472     0:00:12.968    20:09:10.162
svchost            9328   8   3  237   3312     0:00:05.296    20:09:10.150
svchost            9584   8   3  172   1856     0:00:00.140    20:09:09.887
ctfmon             9672  13  14  728  12300     0:01:53.546    20:09:09.750
svchost            9816   8   9  438   5520     0:00:02.640    20:09:09.387
explorer           9880   8  84 3310 110668     0:06:25.187    20:09:09.255
ChsIME            10148   8  53 1118  16056     0:01:06.515    20:09:08.666
svchost            9656   8  10  318   3812     0:00:01.343    20:09:08.369
ShellExperienceHost 10380   8  20  988  46048     0:00:12.875    20:09:07.225
dllhost           10512   8   2  120   1604     0:00:00.156    20:09:06.949
SearchUI          10612   8  39 1317  82344     0:00:17.984    20:09:06.768
360MobileMgr      10620   8   5  386  11536     0:00:15.953    20:09:06.757
RuntimeBroker     10812   8   3  332   6324     0:00:04.296    20:09:06.471
RuntimeBroker     11028   8  11  497   7884     0:00:05.437    20:09:06.031
ECAgent           11132   8  14  465   9324     0:00:10.843    20:09:05.895
SkypeApp          10924   8  23  730 157348     0:00:02.375    20:09:05.416
SkypeBackgroundHost 10556   8   4  152   2060     0:00:00.062    20:09:05.409
svchost           10480   8   9  295   4124     0:00:00.968    20:09:05.352
YourPhone         11300   8  16  638  16544     0:00:01.375    20:09:05.137
SettingSyncHost   11508   6   6  490   9968     0:00:24.578    20:09:04.829
SearchIndexer     11524   8  17  827  39980     0:00:11.968    20:09:04.806
WindowsInternal.ComposableShell.Experiences.TextInput.InputApp 11684   8  21  809  17544     0:00:05.078    20:09:04.631
360MobileLink     11968   8  13  440  12032     0:00:52.609    20:09:04.231
GoogleCrashHandler 12276   4   3  185   1708     0:00:00.031    20:09:03.839
GoogleCrashHandler64  6308   4   3  164   1748     0:00:00.093    20:09:03.273
RuntimeBroker     13048   8   2  240   3012     0:00:00.406    20:09:01.661
Lsf               13104   8   1  242   3312     0:00:00.281    20:09:01.562
RuntimeBroker     13216   8   6  250   3548     0:00:00.359    20:09:01.192
Video.UI          13736   8  18  740  21680     0:00:01.187    20:08:59.122
svchost           13808   8   6  470   4392     0:00:01.984    20:08:58.887
RuntimeBroker     13992   8   3  360   7244     0:00:26.421    20:08:58.504
RuntimeBroker     14416   8   2  170   2068     0:00:00.093    20:08:56.410
svchost           14504   8   4  464   5328     0:00:01.140    20:08:56.326
svchost           14548   8   1  231   2200     0:00:06.031    20:08:56.275
svchost           14740   8   9  225   4652     0:00:02.796    20:08:55.729
RtkAudUService64  14960   8   6  286   2324     0:00:00.468    20:08:54.826
HipsTray          15096   8   9  223   9248     0:00:03.453    20:08:54.163
yundetectservice  13892   8  14  326   7392     0:00:01.140    20:08:51.336
QyClient           1780   8  49  884  90320     0:03:34.140    20:08:50.681
QyPlayer          15292   8  48  788  67276     0:00:33.593    20:08:49.904
QyFragment         1264   8  84 1279 161284     0:01:39.062    20:08:49.338
utility           13796   8   3  245   2728     0:00:00.843    20:08:47.441
vmware-tray       15380   8   3  212   2804     0:00:00.031    20:08:46.117
acrotray          15416   8   2  200   1840     0:00:00.093    20:08:45.556
AdobeARM          15440   8   7  480   6916     0:00:02.718    20:08:45.002
svchost           15520   8   8  262   2428     0:00:02.765    20:08:44.765
ModuleCoreService 16300   8  23  446   9420     0:00:01.937    20:08:34.864
conhost           16332   8   2  122   6540     0:00:00.015    20:08:34.850
dllhost            3048   8   6  205   3764     0:00:00.203    20:08:19.972
ApplicationFrameHost  5628   8  18  561  26432     0:00:03.687    20:08:17.764
RuntimeBroker     13264   8   3  384   8724     0:00:02.062    20:08:17.102
LenovoTray         5244   8  20  579  19620     0:00:34.625    20:08:08.837
SpeedBall          6576   8  15  715  58260     0:01:28.296    20:08:08.478
SystemSettings    11692   8  22  778  18484     0:00:00.984    20:07:44.721
svchost           14436   8   5  133   1564     0:00:00.046    20:07:33.143
aesm_service      11232   8   2  206   3268     0:00:00.375    20:07:17.431
jhi_service       15388   8   3  256   4696     0:00:00.343    20:07:16.570
svchost           11552   8  12  438   4948     0:00:46.109    20:07:16.513
svchost           14564   8   3  180   2192     0:00:00.156    20:07:16.277
SgrmBroker        10520   8   5   85   2852     0:00:00.484    20:07:15.993
SocketHeciServer   2000   8   2  152   1616     0:00:00.031    20:07:15.884
svchost           15256   8   7  302  20088     0:00:01.328    20:07:15.626
svchost             936   8   6  223   2736     0:00:00.734    20:07:15.360
SecurityHealthService 16044   8   6  296   3428     0:00:00.656    20:07:14.745
rundll32            740   8   2  323   9848     0:00:07.046    20:05:44.979
svchost           12688   8   2  239   2804     0:00:00.703    20:05:20.079
McUICnt           11440   8  23  576  13140     0:00:10.250    20:03:25.062
LenovoEMDriverAssist 10348   8  17  606   8420     0:00:05.343    20:03:20.681
taskhostw         15272   8   7  318   5852     0:00:00.875    19:54:19.239
Microsoft.Photos   6304   8  14  988  60616     0:00:05.421    19:53:43.461
RuntimeBroker      9628   8   4  446  11328     0:00:05.703    19:53:41.613
HipsDaemon        14540   8  56  434 105992     0:03:46.156    19:48:48.308
usysdiag           4872   8  18  162   2304     0:00:00.031    19:48:48.103
LockApp           12140   8  11  518  12208     0:00:00.750    19:26:18.894
RuntimeBroker      3808   8   5  338   6272     0:00:03.437    19:26:17.971
svchost            3964   8   4  295   5180     0:00:01.656    19:26:17.841
svchost           17288   8   1  138   1624     0:00:00.109     8:25:57.487
svchost           17344   8   5  267   3012     0:00:00.781     8:25:57.362
dasHost            3776   8   3  352   4796     0:00:00.687     8:25:57.179
QQ                13860   8 100 1956 250356     0:05:20.984     8:22:26.218
TXPlatform         3032   8   2  216   4084     0:00:00.093     8:22:22.998
smartscreen        9480   8   9  404  12608     0:00:01.921     8:21:22.808
McSmtFwk          16008   8   2  194   2712     0:00:00.125     8:20:58.413
dllhost           17384   8   7  227   5248     0:00:00.343     8:09:05.359
vmware             5656   8  10  579  40152     0:00:47.546     8:06:22.456
vmware-unity-helper 12292   8   2  270   4952     0:00:00.156     8:06:17.674
vmware-vmx        14648   8  10  589 468184     0:13:57.968     7:48:01.181
MicrosoftEdge      3328   8  26 1099  34016     0:00:09.453     6:08:11.059
browser_broker     6884   8   7  465   5468     0:00:00.843     6:08:10.810
MicrosoftEdgeSH   12176   8   6  281   4372     0:00:01.031     6:08:10.407
QyKernel          16236   8  33  548  48092     0:00:57.593     0:40:14.817
svchost           17564   8   3  204   2176     0:00:00.093     0:40:11.697
audiodg            3364   8   6  482  18644     0:00:51.796     0:39:20.155
QQExternal         2180   8  13  391  44808     0:00:02.890     0:39:03.556
explorer          19672   8  10  811  21908     0:00:13.968     0:38:59.574
PotPlayerMini      6444  10  38 1166 219512     0:02:00.250     0:38:48.253
360chrome          2084   8  40 1949  92928     0:02:34.265     0:37:10.836
360chrome         17820   8   7  525  56280     0:00:53.296     0:37:10.135
360chrome         19396   8  10  544  30676     0:00:44.343     0:37:10.116
360chrome           844   8  15  365  55672     0:00:37.359     0:37:08.312
360chrome         19724   8  17  265  33064     0:00:00.984     0:37:06.414
360chrome         12844   8   8  283   9552     0:00:02.234     0:37:06.233
360chrome         17984   8  16  401  47176     0:00:19.500     0:36:37.601
360chrome          7732   8  14  379  39156     0:00:04.812     0:32:32.574
360chrome          1648   8  23  546 115732     0:01:22.796     0:32:23.946
svchost           13700   8   5  184   3136     0:00:00.062     0:32:21.413
MicrosoftEdgeCP   17788   8  30  764  20176     0:00:01.687     0:23:01.181
MicrosoftPdfReader 10644   8  30  969 136592     0:02:12.875     0:23:00.510
svchost           19132   8   2  154   1656     0:00:00.062     0:22:58.938
Windows.WARP.JITService  3884   8   4 1705  14136     0:00:00.171     0:22:58.835
MicrosoftEdgeCP   15124   8  37 1022 104156     0:00:11.687     0:22:50.447
svchost            1984   8   2  245   3168     0:00:00.093     0:22:50.050
MicrosoftEdgeCP   14240   8  14  510   6192     0:00:00.515     0:22:46.354
MicrosoftEdgeCP    4520   8  14  503   6160     0:00:00.828     0:22:35.999
MicrosoftEdgeCP   18480   8  12  495   6160     0:00:00.703     0:22:20.476
360chrome         16512   8   7  280  10704     0:00:00.609     0:19:40.125
360chrome          7088   8  13  392  28704     0:00:02.140     0:17:45.835
360chrome         11900   8  16  354  44360     0:00:11.609     0:17:38.921
360chrome         14448   8  15  332  37164     0:00:09.265     0:17:38.664
ChsIME            15192   8   4  287   4236     0:00:00.265     0:10:25.231
ZoomIt             1940   8   3  223   2356     0:00:00.234     0:10:04.674
ZoomIt64          19844   8   5  267   3592     0:00:00.421     0:10:02.500
cmd                9376   8   1   78   2616     0:00:00.218     0:09:23.113
conhost            5368   8  15  341  13616     0:00:07.000     0:09:23.052
SearchProtocolHost 20164   4   4  265   1776     0:00:00.078     0:04:40.278
msiexec           15828   8   3  181   6544     0:00:00.156     0:03:00.674
svchost           19788   8   4  123   1520     0:00:00.078     0:02:59.619
SearchFilterHost  12296   4   5  151   2084     0:00:00.234     0:01:25.974
svchost           18484   8   5  133   1792     0:00:00.234     0:01:08.646
svchost           16020   8   6  121   3044     0:00:00.078     0:00:11.250
backgroundTaskHost 18080   8  13  513  16236     0:00:00.796     0:00:11.241
SearchProtocolHost 20372   4  10  381   2572     0:00:00.234     0:00:09.277
RuntimeBroker     18132   8  10  229   3224     0:00:00.234     0:00:07.899
pslist            15972  13   4  301   4492     0:00:01.609     0:00:02.665
}